Script started on 2024-01-18 17:02:07+00:00 [TERM="xterm-256color" TTY="/dev/pts/3" COLUMNS="134" LINES="33"]
]0;root@fc6fd9b9ae53: ~/Downloads/my_first_repositoryroot@fc6fd9b9ae53:~/Downloads/my_first_repository# cd scripts/
]0;root@fc6fd9b9ae53: ~/Downloads/my_first_repository/scriptsroot@fc6fd9b9ae53:~/Downloads/my_first_repository/scripts# ls
code.py
]0;root@fc6fd9b9ae53: ~/Downloads/my_first_repository/scriptsroot@fc6fd9b9ae53:~/Downloads/my_first_repository/scripts# python3 code.py
I just added my first line!
My second push.
]0;root@fc6fd9b9ae53: ~/Downloads/my_first_repository/scriptsroot@fc6fd9b9ae53:~/Downloads/my_first_repository/scripts# get c     d cd ..
]0;root@fc6fd9b9ae53: ~/Downloads/my_first_repositoryroot@fc6fd9b9ae53:~/Downloads/my_first_repository# git commit  -m "f second push"
[main e10dbd9] second push
 1 file changed, 2 insertions(+)
]0;root@fc6fd9b9ae53: ~/Downloads/my_first_repositoryroot@fc6fd9b9ae53:~/Downloads/my_first_repository# git status
On branch main
Your branch is ahead of 'origin/main' by 1 commit.
  (use "git push" to publish your local commits)

Untracked files:
  (use "git add <file>..." to include in what will be committed)
	[31mtypescript[m

nothing added to commit but untracked files present (use "git add" to track)
]0;root@fc6fd9b9ae53: ~/Downloads/my_first_repositoryroot@fc6fd9b9ae53:~/Downloads/my_first_repository# git push origin main
Username for 'https://github.com': anna0 -banna
Password for 'https://anna-banna@github.com': 
Enumerating objects: 7, done.
Counting objects:  14% (1/7)Counting objects:  28% (2/7)Counting objects:  42% (3/7)Counting objects:  57% (4/7)Counting objects:  71% (5/7)Counting objects:  85% (6/7)Counting objects: 100% (7/7)Counting objects: 100% (7/7), done.
Delta compression using up to 16 threads
Compressing objects:  33% (1/3)Compressing objects:  66% (2/3)Compressing objects: 100% (3/3)Compressing objects: 100% (3/3), done.
Writing objects:  25% (1/4)Writing objects:  50% (2/4)Writing objects:  75% (3/4)Writing objects: 100% (4/4)Writing objects: 100% (4/4), 405 bytes | 405.00 KiB/s, done.
Total 4 (delta 0), reused 0 (delta 0)
To https://github.com/anna-banna/my_first_repository.git
   f7088d4..e10dbd9  main -> main
]0;root@fc6fd9b9ae53: ~/Downloads/my_first_repositoryroot@fc6fd9b9ae53:~/Downloads/my_first_repository# ls
README.md  [0m[01;34mscripts[0m  typescript
]0;root@fc6fd9b9ae53: ~/Downloads/my_first_repositoryroot@fc6fd9b9ae53:~/Downloads/my_first_repository# dc  sc  cd scripts/
]0;root@fc6fd9b9ae53: ~/Downloads/my_first_repository/scriptsroot@fc6fd9b9ae53:~/Downloads/my_first_repository/scripts# ls
code.py
]0;root@fc6fd9b9ae53: ~/Downloads/my_first_repository/scriptsroot@fc6fd9b9ae53:~/Downloads/my_first_repository/scripts# featherpad code.py
QStandardPaths: XDG_RUNTIME_DIR not set, defaulting to '/tmp/runtime-root'
Icon theme "elementary" not found.
]0;root@fc6fd9b9ae53: ~/Downloads/my_first_repository/scriptsroot@fc6fd9b9ae53:~/Downloads/my_first_repository/scripts# cd ..
]0;root@fc6fd9b9ae53: ~/Downloads/my_first_repositoryroot@fc6fd9b9ae53:~/Downloads/my_first_repository# git status
On branch main
Your branch is up to date with 'origin/main'.

Changes not staged for commit:
  (use "git add <file>..." to update what will be committed)
  (use "git restore <file>..." to discard changes in working directory)
	[31mmodified:   scripts/code.py[m

Untracked files:
  (use "git add <file>..." to include in what will be committed)
	[31mtypescript[m

no changes added to commit (use "git add" and/or "git commit -a")
]0;root@fc6fd9b9ae53: ~/Downloads/my_first_repositoryroot@fc6fd9b9ae53:~/Downloads/my_first_repository# gi  t commit -  m ' "third push"
On branch main
Your branch is up to date with 'origin/main'.

Changes not staged for commit:
  (use "git add <file>..." to update what will be committed)
  (use "git restore <file>..." to discard changes in working directory)
	[31mmodified:   scripts/code.py